// Jest Snapshot v1, https://goo.gl/fbAQLP

exports[`AchievementsToggle component Render with props 1`] = `
<label
  data-testid="test-achievements-label"
  for="all"
>
  <input
    checked=""
    id="all"
    name="achievements"
    type="radio"
    value="all"
  />
  <div />
  <div>
    test text
  </div>
</label>
`;
