// Jest Snapshot v1, https://goo.gl/fbAQLP

exports[`AchievementsError component Render 1`] = `
[MockFunction] {
  "calls": [
    [],
    [],
  ],
  "results": [
    {
      "type": "return",
      "value": [MockFunction],
    },
    {
      "type": "return",
      "value": [MockFunction],
    },
  ],
}
`;
